---
source: tui/src/status/tests.rs
expression: sanitized
---
/status

╭──────────────────────────────────────────────────────────╮
│  >_ OpenAI Codex (v1.7.5)                                │
│                                                          │
│ 访问 https://chatgpt.com/codex/settings/usage 获取最新的 │
│ 速率限制与额度信息                                       │
│                                                          │
│  模型:         gpt-5.1-codex-max (推理 none, 摘要 auto)  │
│  目录:         /workspace/tests                          │
│  审批:         on-request                                │
│  沙箱:         read-only                                 │
│  Agents.md:    无                                        │
│  会话:         0f0f3c13-6cf9-4aa4-8b80-7d49c2f1be2e      │
│  分叉自:       e9f18a88-8081-4e51-9d4e-8af5cde2d8dd      │
│                                                          │
│  Token 使用:   1.2K 总计 （800 输入 + 400 输出）         │
│  上下文窗口:   剩余 100%（1.2K 已用 / 272K）             │
│  限制:         暂无数据                                  │
╰──────────────────────────────────────────────────────────╯
