---
source: tui2/src/status/tests.rs
expression: sanitized
---
/status

╭───────────────────────────────────────────────────────────────────╮
│  >_ OpenAI Codex (v1.7.2)                                         │
│                                                                   │
│ Visit https://chatgpt.com/codex/settings/usage for up-to-date     │
│ information on rate limits and credits                            │
│                                                                   │
│  Model:            gpt-5.1-codex (reasoning none, summaries auto) │
│  Directory: [[workspace]]                                         │
│  Approval:         on-request                                     │
│  Sandbox:          read-only                                      │
│  Agents.md:        <none>                                         │
│                                                                   │
│  Token usage:      2K total  (1.4K input + 600 output)            │
│  Context window:   100% left (2.2K used / 272K)                   │
│  5h limit:         [███████████░░░░░░░░░] 55% left (09:25 reset)  │
│  Weekly limit:     [██████████████░░░░░░] 70% left (09:55 reset)  │
│  Credits:          38 credits                                     │
╰───────────────────────────────────────────────────────────────────╯
